2025-11-27 01:29:57 | INFO     | setup_logging:69 | ================================================================================
2025-11-27 01:29:57 | INFO     | setup_logging:70 | ANALYSIS RUN STARTED
2025-11-27 01:29:57 | INFO     | setup_logging:71 | ================================================================================
2025-11-27 01:29:57 | INFO     | setup_logging:74 | SYSTEM METADATA:
2025-11-27 01:29:57 | INFO     | setup_logging:75 |   User: droytbur
2025-11-27 01:29:57 | INFO     | setup_logging:76 |   Hostname: babel-v9-32
2025-11-27 01:29:57 | INFO     | setup_logging:77 |   Platform: Linux-5.14.0-503.40.1.el9_5.x86_64-x86_64-with-glibc2.34
2025-11-27 01:29:57 | INFO     | setup_logging:78 |   Python version: 3.12.5
2025-11-27 01:29:57 | INFO     | setup_logging:81 | RUN PARAMETERS:
2025-11-27 01:29:57 | INFO     | setup_logging:83 |   input_dir: results/Qwen_Qwen3-4B/google_gemma-3-12b-it
2025-11-27 01:29:57 | INFO     | setup_logging:85 |   Log file: /data/user_data/droytbur/steering_self_preference/verifiable_data_experiments/results/Qwen_Qwen3-4B/google_gemma-3-12b-it/logs/analysis_20251127_012957.log
2025-11-27 01:29:57 | INFO     | setup_logging:86 |   Output directory: /data/user_data/droytbur/steering_self_preference/verifiable_data_experiments/results/Qwen_Qwen3-4B/google_gemma-3-12b-it
2025-11-27 01:29:57 | INFO     | setup_logging:87 |   Timestamp: 20251127_012957
2025-11-27 01:29:57 | INFO     | setup_logging:88 | ================================================================================
2025-11-27 01:29:57 | INFO     | load_results:101 | Loading results from /data/user_data/droytbur/steering_self_preference/verifiable_data_experiments/results/Qwen_Qwen3-4B/google_gemma-3-12b-it/output.jsonl
2025-11-27 01:29:57 | INFO     | load_results:106 | Loaded 922 examples
2025-11-27 01:29:57 | INFO     | extract_probabilities:148 | Extracted probabilities:
2025-11-27 01:29:57 | INFO     | extract_probabilities:149 |   Total valid examples: 922
2025-11-27 01:29:57 | INFO     | extract_probabilities:150 |   Legitimate (LSP): 817
2025-11-27 01:29:57 | INFO     | extract_probabilities:151 |   Illegitimate (ILSP): 105
2025-11-27 01:29:57 | INFO     | extract_probabilities:152 |   Skipped (zero probs): 0
2025-11-27 01:29:57 | INFO     | extract_probabilities:153 |   LSP proportion: 0.886
2025-11-27 01:29:57 | INFO     | create_visualization:208 | Creating visualization...
2025-11-27 01:29:57 | INFO     | create_visualization:277 | Saved visualization to /data/user_data/droytbur/steering_self_preference/verifiable_data_experiments/results/Qwen_Qwen3-4B/google_gemma-3-12b-it/self_preference_analysis.pdf
2025-11-27 01:29:58 | INFO     | create_visualization:282 | Saved visualization to /data/user_data/droytbur/steering_self_preference/verifiable_data_experiments/results/Qwen_Qwen3-4B/google_gemma-3-12b-it/self_preference_analysis.png
2025-11-27 01:29:58 | INFO     | save_statistics:288 | Computing and saving statistics...
2025-11-27 01:29:58 | INFO     | save_statistics:317 | LSP statistics:
2025-11-27 01:29:58 | INFO     | save_statistics:318 |   Mean: 0.462
2025-11-27 01:29:58 | INFO     | save_statistics:319 |   95% CI: [0.439, 0.486]
2025-11-27 01:29:58 | INFO     | save_statistics:320 |   Median: 0.470
2025-11-27 01:29:58 | INFO     | save_statistics:321 |   Std: 0.341
2025-11-27 01:29:58 | INFO     | save_statistics:317 | ILSP statistics:
2025-11-27 01:29:58 | INFO     | save_statistics:318 |   Mean: 0.162
2025-11-27 01:29:58 | INFO     | save_statistics:319 |   95% CI: [0.130, 0.205]
2025-11-27 01:29:58 | INFO     | save_statistics:320 |   Median: 0.081
2025-11-27 01:29:58 | INFO     | save_statistics:321 |   Std: 0.190
2025-11-27 01:29:58 | INFO     | save_statistics:317 | ALL statistics:
2025-11-27 01:29:58 | INFO     | save_statistics:318 |   Mean: 0.428
2025-11-27 01:29:58 | INFO     | save_statistics:319 |   95% CI: [0.406, 0.450]
2025-11-27 01:29:58 | INFO     | save_statistics:320 |   Median: 0.392
2025-11-27 01:29:58 | INFO     | save_statistics:321 |   Std: 0.341
2025-11-27 01:29:58 | INFO     | save_statistics:327 | Saved statistics to /data/user_data/droytbur/steering_self_preference/verifiable_data_experiments/results/Qwen_Qwen3-4B/google_gemma-3-12b-it/statistics.json
2025-11-27 01:29:58 | INFO     | main:378 | ================================================================================
2025-11-27 01:29:58 | INFO     | main:379 | ANALYSIS COMPLETED SUCCESSFULLY
2025-11-27 01:29:58 | INFO     | main:380 | Results saved in: /data/user_data/droytbur/steering_self_preference/verifiable_data_experiments/results/Qwen_Qwen3-4B/google_gemma-3-12b-it
2025-11-27 01:29:58 | INFO     | main:381 | ================================================================================
