2025-11-28 16:19:00 | INFO     | setup_logging:69 | ================================================================================
2025-11-28 16:19:00 | INFO     | setup_logging:70 | ANALYSIS RUN STARTED
2025-11-28 16:19:00 | INFO     | setup_logging:71 | ================================================================================
2025-11-28 16:19:00 | INFO     | setup_logging:74 | SYSTEM METADATA:
2025-11-28 16:19:00 | INFO     | setup_logging:75 |   User: droytbur
2025-11-28 16:19:00 | INFO     | setup_logging:76 |   Hostname: babel-o5-16
2025-11-28 16:19:00 | INFO     | setup_logging:77 |   Platform: Linux-5.14.0-503.40.1.el9_5.x86_64-x86_64-with-glibc2.34
2025-11-28 16:19:00 | INFO     | setup_logging:78 |   Python version: 3.12.5
2025-11-28 16:19:00 | INFO     | setup_logging:81 | RUN PARAMETERS:
2025-11-28 16:19:00 | INFO     | setup_logging:83 |   input_dir: results_arena/google_gemma-3-27b-it/arena
2025-11-28 16:19:00 | INFO     | setup_logging:85 |   Log file: /data/user_data/droytbur/steering_self_preference/verifiable_data_experiments/results_arena/google_gemma-3-27b-it/arena/logs/analysis_20251128_161900.log
2025-11-28 16:19:00 | INFO     | setup_logging:86 |   Output directory: /data/user_data/droytbur/steering_self_preference/verifiable_data_experiments/results_arena/google_gemma-3-27b-it/arena
2025-11-28 16:19:00 | INFO     | setup_logging:87 |   Timestamp: 20251128_161900
2025-11-28 16:19:00 | INFO     | setup_logging:88 | ================================================================================
2025-11-28 16:19:00 | INFO     | load_results:101 | Loading results from /data/user_data/droytbur/steering_self_preference/verifiable_data_experiments/results_arena/google_gemma-3-27b-it/arena/output.jsonl
2025-11-28 16:19:00 | INFO     | load_results:106 | Loaded 708 examples
2025-11-28 16:19:00 | INFO     | extract_probabilities:148 | Extracted probabilities:
2025-11-28 16:19:00 | INFO     | extract_probabilities:149 |   Total valid examples: 708
2025-11-28 16:19:00 | INFO     | extract_probabilities:150 |   Legitimate (LSP): 314
2025-11-28 16:19:00 | INFO     | extract_probabilities:151 |   Illegitimate (ILSP): 394
2025-11-28 16:19:00 | INFO     | extract_probabilities:152 |   Skipped (zero probs): 0
2025-11-28 16:19:00 | INFO     | extract_probabilities:153 |   LSP proportion: 0.444
2025-11-28 16:19:00 | INFO     | create_visualization:208 | Creating visualization...
2025-11-28 16:19:01 | INFO     | create_visualization:277 | Saved visualization to /data/user_data/droytbur/steering_self_preference/verifiable_data_experiments/results_arena/google_gemma-3-27b-it/arena/self_preference_analysis.pdf
2025-11-28 16:19:01 | INFO     | create_visualization:282 | Saved visualization to /data/user_data/droytbur/steering_self_preference/verifiable_data_experiments/results_arena/google_gemma-3-27b-it/arena/self_preference_analysis.png
2025-11-28 16:19:01 | INFO     | save_statistics:288 | Computing and saving statistics...
2025-11-28 16:19:01 | INFO     | save_statistics:317 | LSP statistics:
2025-11-28 16:19:01 | INFO     | save_statistics:318 |   Mean: 0.740
2025-11-28 16:19:01 | INFO     | save_statistics:319 |   95% CI: [0.701, 0.777]
2025-11-28 16:19:01 | INFO     | save_statistics:320 |   Median: 0.998
2025-11-28 16:19:01 | INFO     | save_statistics:321 |   Std: 0.343
2025-11-28 16:19:02 | INFO     | save_statistics:317 | ILSP statistics:
2025-11-28 16:19:02 | INFO     | save_statistics:318 |   Mean: 0.578
2025-11-28 16:19:02 | INFO     | save_statistics:319 |   95% CI: [0.539, 0.616]
2025-11-28 16:19:02 | INFO     | save_statistics:320 |   Median: 0.503
2025-11-28 16:19:02 | INFO     | save_statistics:321 |   Std: 0.393
2025-11-28 16:19:02 | INFO     | save_statistics:317 | ALL statistics:
2025-11-28 16:19:02 | INFO     | save_statistics:318 |   Mean: 0.650
2025-11-28 16:19:02 | INFO     | save_statistics:319 |   95% CI: [0.621, 0.677]
2025-11-28 16:19:02 | INFO     | save_statistics:320 |   Median: 0.748
2025-11-28 16:19:02 | INFO     | save_statistics:321 |   Std: 0.380
2025-11-28 16:19:02 | INFO     | save_statistics:327 | Saved statistics to /data/user_data/droytbur/steering_self_preference/verifiable_data_experiments/results_arena/google_gemma-3-27b-it/arena/statistics.json
2025-11-28 16:19:02 | INFO     | main:378 | ================================================================================
2025-11-28 16:19:02 | INFO     | main:379 | ANALYSIS COMPLETED SUCCESSFULLY
2025-11-28 16:19:02 | INFO     | main:380 | Results saved in: /data/user_data/droytbur/steering_self_preference/verifiable_data_experiments/results_arena/google_gemma-3-27b-it/arena
2025-11-28 16:19:02 | INFO     | main:381 | ================================================================================
