2025-11-29 01:03:12 | INFO     | setup_logging:69 | ================================================================================
2025-11-29 01:03:12 | INFO     | setup_logging:70 | ANALYSIS RUN STARTED
2025-11-29 01:03:12 | INFO     | setup_logging:71 | ================================================================================
2025-11-29 01:03:12 | INFO     | setup_logging:74 | SYSTEM METADATA:
2025-11-29 01:03:12 | INFO     | setup_logging:75 |   User: ubuntu
2025-11-29 01:03:12 | INFO     | setup_logging:76 |   Hostname: 192-222-52-215
2025-11-29 01:03:12 | INFO     | setup_logging:77 |   Platform: Linux-6.8.0-60-generic-x86_64-with-glibc2.35
2025-11-29 01:03:12 | INFO     | setup_logging:78 |   Python version: 3.10.12
2025-11-29 01:03:12 | INFO     | setup_logging:81 | RUN PARAMETERS:
2025-11-29 01:03:12 | INFO     | setup_logging:83 |   input_dir: results_arena/Qwen_QwQ-32B-Preview/arena
2025-11-29 01:03:12 | INFO     | setup_logging:85 |   Log file: /home/ubuntu/steering_self_preference/verifiable_data_experiments/results_arena/Qwen_QwQ-32B-Preview/arena/logs/analysis_20251129_010312.log
2025-11-29 01:03:12 | INFO     | setup_logging:86 |   Output directory: /home/ubuntu/steering_self_preference/verifiable_data_experiments/results_arena/Qwen_QwQ-32B-Preview/arena
2025-11-29 01:03:12 | INFO     | setup_logging:87 |   Timestamp: 20251129_010312
2025-11-29 01:03:12 | INFO     | setup_logging:88 | ================================================================================
2025-11-29 01:03:12 | INFO     | load_results:101 | Loading results from /home/ubuntu/steering_self_preference/verifiable_data_experiments/results_arena/Qwen_QwQ-32B-Preview/arena/output.jsonl
2025-11-29 01:03:12 | INFO     | load_results:106 | Loaded 3589 examples
2025-11-29 01:03:13 | INFO     | extract_probabilities:148 | Extracted probabilities:
2025-11-29 01:03:13 | INFO     | extract_probabilities:149 |   Total valid examples: 3552
2025-11-29 01:03:13 | INFO     | extract_probabilities:150 |   Legitimate (LSP): 1394
2025-11-29 01:03:13 | INFO     | extract_probabilities:151 |   Illegitimate (ILSP): 2158
2025-11-29 01:03:13 | INFO     | extract_probabilities:152 |   Skipped (zero probs): 37
2025-11-29 01:03:13 | INFO     | extract_probabilities:153 |   LSP proportion: 0.392
2025-11-29 01:03:13 | INFO     | create_visualization:208 | Creating visualization...
2025-11-29 01:03:14 | INFO     | create_visualization:277 | Saved visualization to /home/ubuntu/steering_self_preference/verifiable_data_experiments/results_arena/Qwen_QwQ-32B-Preview/arena/self_preference_analysis.pdf
2025-11-29 01:03:15 | INFO     | create_visualization:282 | Saved visualization to /home/ubuntu/steering_self_preference/verifiable_data_experiments/results_arena/Qwen_QwQ-32B-Preview/arena/self_preference_analysis.png
2025-11-29 01:03:15 | INFO     | save_statistics:288 | Computing and saving statistics...
2025-11-29 01:03:15 | INFO     | save_statistics:317 | LSP statistics:
2025-11-29 01:03:15 | INFO     | save_statistics:318 |   Mean: 0.420
2025-11-29 01:03:15 | INFO     | save_statistics:319 |   95% CI: [0.412, 0.429]
2025-11-29 01:03:15 | INFO     | save_statistics:320 |   Median: 0.410
2025-11-29 01:03:15 | INFO     | save_statistics:321 |   Std: 0.163
2025-11-29 01:03:15 | INFO     | save_statistics:317 | ILSP statistics:
2025-11-29 01:03:15 | INFO     | save_statistics:318 |   Mean: 0.358
2025-11-29 01:03:15 | INFO     | save_statistics:319 |   95% CI: [0.351, 0.364]
2025-11-29 01:03:15 | INFO     | save_statistics:320 |   Median: 0.337
2025-11-29 01:03:15 | INFO     | save_statistics:321 |   Std: 0.154
2025-11-29 01:03:16 | INFO     | save_statistics:317 | ALL statistics:
2025-11-29 01:03:16 | INFO     | save_statistics:318 |   Mean: 0.382
2025-11-29 01:03:16 | INFO     | save_statistics:319 |   95% CI: [0.377, 0.388]
2025-11-29 01:03:16 | INFO     | save_statistics:320 |   Median: 0.359
2025-11-29 01:03:16 | INFO     | save_statistics:321 |   Std: 0.161
2025-11-29 01:03:16 | INFO     | save_statistics:327 | Saved statistics to /home/ubuntu/steering_self_preference/verifiable_data_experiments/results_arena/Qwen_QwQ-32B-Preview/arena/statistics.json
2025-11-29 01:03:16 | INFO     | main:378 | ================================================================================
2025-11-29 01:03:16 | INFO     | main:379 | ANALYSIS COMPLETED SUCCESSFULLY
2025-11-29 01:03:16 | INFO     | main:380 | Results saved in: /home/ubuntu/steering_self_preference/verifiable_data_experiments/results_arena/Qwen_QwQ-32B-Preview/arena
2025-11-29 01:03:16 | INFO     | main:381 | ================================================================================
