2025-11-28 18:44:08 | INFO     | setup_logging:69 | ================================================================================
2025-11-28 18:44:08 | INFO     | setup_logging:70 | ANALYSIS RUN STARTED
2025-11-28 18:44:08 | INFO     | setup_logging:71 | ================================================================================
2025-11-28 18:44:08 | INFO     | setup_logging:74 | SYSTEM METADATA:
2025-11-28 18:44:08 | INFO     | setup_logging:75 |   User: ubuntu
2025-11-28 18:44:08 | INFO     | setup_logging:76 |   Hostname: 192-222-53-136
2025-11-28 18:44:08 | INFO     | setup_logging:77 |   Platform: Linux-6.8.0-60-generic-x86_64-with-glibc2.35
2025-11-28 18:44:08 | INFO     | setup_logging:78 |   Python version: 3.10.12
2025-11-28 18:44:08 | INFO     | setup_logging:81 | RUN PARAMETERS:
2025-11-28 18:44:08 | INFO     | setup_logging:83 |   input_dir: gemmavsqwen.json/Qwen_Qwen3-8B/google_gemma-3-12b-it
2025-11-28 18:44:08 | INFO     | setup_logging:85 |   Log file: /home/ubuntu/steering_self_preference/verifiable_data_experiments/gemmavsqwen.json/Qwen_Qwen3-8B/google_gemma-3-12b-it/logs/analysis_20251128_184408.log
2025-11-28 18:44:08 | INFO     | setup_logging:86 |   Output directory: /home/ubuntu/steering_self_preference/verifiable_data_experiments/gemmavsqwen.json/Qwen_Qwen3-8B/google_gemma-3-12b-it
2025-11-28 18:44:08 | INFO     | setup_logging:87 |   Timestamp: 20251128_184408
2025-11-28 18:44:08 | INFO     | setup_logging:88 | ================================================================================
2025-11-28 18:44:08 | INFO     | load_results:101 | Loading results from /home/ubuntu/steering_self_preference/verifiable_data_experiments/gemmavsqwen.json/Qwen_Qwen3-8B/google_gemma-3-12b-it/output.jsonl
2025-11-28 18:44:08 | INFO     | load_results:106 | Loaded 894 examples
2025-11-28 18:44:08 | INFO     | extract_probabilities:148 | Extracted probabilities:
2025-11-28 18:44:08 | INFO     | extract_probabilities:149 |   Total valid examples: 894
2025-11-28 18:44:08 | INFO     | extract_probabilities:150 |   Legitimate (LSP): 816
2025-11-28 18:44:08 | INFO     | extract_probabilities:151 |   Illegitimate (ILSP): 78
2025-11-28 18:44:08 | INFO     | extract_probabilities:152 |   Skipped (zero probs): 0
2025-11-28 18:44:08 | INFO     | extract_probabilities:153 |   LSP proportion: 0.913
2025-11-28 18:44:08 | INFO     | create_visualization:208 | Creating visualization...
2025-11-28 18:44:08 | INFO     | create_visualization:277 | Saved visualization to /home/ubuntu/steering_self_preference/verifiable_data_experiments/gemmavsqwen.json/Qwen_Qwen3-8B/google_gemma-3-12b-it/self_preference_analysis.pdf
2025-11-28 18:44:09 | INFO     | create_visualization:282 | Saved visualization to /home/ubuntu/steering_self_preference/verifiable_data_experiments/gemmavsqwen.json/Qwen_Qwen3-8B/google_gemma-3-12b-it/self_preference_analysis.png
2025-11-28 18:44:09 | INFO     | save_statistics:288 | Computing and saving statistics...
2025-11-28 18:44:09 | INFO     | save_statistics:317 | LSP statistics:
2025-11-28 18:44:09 | INFO     | save_statistics:318 |   Mean: 0.642
2025-11-28 18:44:09 | INFO     | save_statistics:319 |   95% CI: [0.631, 0.654]
2025-11-28 18:44:09 | INFO     | save_statistics:320 |   Median: 0.654
2025-11-28 18:44:09 | INFO     | save_statistics:321 |   Std: 0.162
2025-11-28 18:44:09 | INFO     | save_statistics:317 | ILSP statistics:
2025-11-28 18:44:09 | INFO     | save_statistics:318 |   Mean: 0.434
2025-11-28 18:44:09 | INFO     | save_statistics:319 |   95% CI: [0.397, 0.474]
2025-11-28 18:44:09 | INFO     | save_statistics:320 |   Median: 0.445
2025-11-28 18:44:09 | INFO     | save_statistics:321 |   Std: 0.173
2025-11-28 18:44:09 | INFO     | save_statistics:317 | ALL statistics:
2025-11-28 18:44:09 | INFO     | save_statistics:318 |   Mean: 0.624
2025-11-28 18:44:09 | INFO     | save_statistics:319 |   95% CI: [0.613, 0.636]
2025-11-28 18:44:09 | INFO     | save_statistics:320 |   Median: 0.643
2025-11-28 18:44:09 | INFO     | save_statistics:321 |   Std: 0.173
2025-11-28 18:44:09 | INFO     | save_statistics:327 | Saved statistics to /home/ubuntu/steering_self_preference/verifiable_data_experiments/gemmavsqwen.json/Qwen_Qwen3-8B/google_gemma-3-12b-it/statistics.json
2025-11-28 18:44:09 | INFO     | main:378 | ================================================================================
2025-11-28 18:44:09 | INFO     | main:379 | ANALYSIS COMPLETED SUCCESSFULLY
2025-11-28 18:44:09 | INFO     | main:380 | Results saved in: /home/ubuntu/steering_self_preference/verifiable_data_experiments/gemmavsqwen.json/Qwen_Qwen3-8B/google_gemma-3-12b-it
2025-11-28 18:44:09 | INFO     | main:381 | ================================================================================
